// Jest Snapshot v1, https://goo.gl/fbAQLP

exports[`Pruebas en el EntryView Debe de mostrar la entrada correctamente 1`] = `
<div>
  <div class="entry-title d-flex justify-content-between p-2">
    <div><span class="text-success fs-3 fw-bold">25</span><span class="mx-1 fs-3">Marzo</span><span class="mx-2 fs-4 fw-light">2022 Viernes </span></div>
    <div><input accept="image/png, image/jpeg" type="file" style="display: none;"><button class="btn btn-danger mx-2"> Borrar <i class="fa fa-trash-alt"></i></button><button class="btn btn-primary"> Subir foto <i class="fa fa-upload"></i></button></div>
  </div>
  <hr>
  <div class="d-flex flex-column px-3 h-75"><textarea class="form-control" placeholder="Â¿Que sucedio hoy?"></textarea></div>
</div><img src="https://res.cloudinary.com/duphx2ezk/image/upload/v1648253006/cb9rzvjlw2krjwg3rioc.png">
<!--v-if-->
<fab-stub icon="fa-save"></fab-stub>
`;
